npm : npm WARN config global `--global`, `--local` are deprecated. Use `--location=global` instead.
En línea: 1 Carácter: 1
+ npm test > test-output.txt 2>&1
+ ~~~~~~~~~~~~~~~~~~~~~~~~~~~~~~~
    + CategoryInfo          : NotSpecified: (npm WARN config...lobal` instead.:String) [], RemoteException
    + FullyQualifiedErrorId : NativeCommandError
 

> weather-app@0.1.0 test
> jest

PASS tests/store/weather.test.js
PASS tests/components/Login.test.js (9.483 s)
PASS tests/components/Navbar.test.js (26.547 s)
PASS tests/components/Dashboard.test.js (27.102 s)

Test Suites: 4 passed, 4 total
Tests:       11 passed, 11 total
Snapshots:   0 total
Time:        29.547 s
Ran all test suites.
